
Discarded input sections

 .text          0x0000000000000000        0x0 boot.o
 .data          0x0000000000000000        0x0 boot.o
 .bss           0x0000000000000000        0x0 boot.o
 .data          0x0000000000000000        0x0 kernel.o
 .bss           0x0000000000000000        0x0 kernel.o

Memory Configuration

Name             Origin             Length             Attributes
*default*        0x0000000000000000 0xffffffffffffffff

Linker script and memory map

LOAD boot.o
LOAD kernel.o
                0x0000000000008000                . = 0x8000
                0x0000000000008000                __start = .
                0x0000000000008000                __text_start = .

.text           0x0000000000008000      0x334
 *(.text.boot)
 .text.boot     0x0000000000008000       0x48 boot.o
                0x0000000000008000                _start
 *(.text)
 .text          0x0000000000008048      0x2ec kernel.o
                0x00000000000080c4                strlen
                0x0000000000008118                uart_init
                0x00000000000081d8                uart_putc
                0x0000000000008220                uart_getc
                0x0000000000008264                uart_write
                0x00000000000082c0                uart_puts
                0x00000000000082f0                kernel_main

.glue_7         0x0000000000008334        0x0
 .glue_7        0x0000000000000000        0x0 linker stubs

.glue_7t        0x0000000000008334        0x0
 .glue_7t       0x0000000000000000        0x0 linker stubs

.vfp11_veneer   0x0000000000008334        0x0
 .vfp11_veneer  0x0000000000000000        0x0 linker stubs

.v4_bx          0x0000000000008334        0x0
 .v4_bx         0x0000000000000000        0x0 linker stubs

.iplt           0x0000000000008334        0x0
 .iplt          0x0000000000000000        0x0 boot.o
                0x0000000000009000                . = ALIGN (0x1000)
                0x0000000000009000                __text_end = .
                0x0000000000009000                __rodata_start = .

.rodata         0x0000000000009000       0x1c
 *(.rodata)
 .rodata        0x0000000000009000       0x1c kernel.o

.rel.dyn        0x000000000000901c        0x0
 .rel.iplt      0x0000000000000000        0x0 boot.o
                0x000000000000a000                . = ALIGN (0x1000)
                0x000000000000a000                __rodata_end = .
                0x000000000000a000                __data_start = .

.data
 *(.data)

.igot.plt       0x000000000000a000        0x0
 .igot.plt      0x0000000000000000        0x0 boot.o
                0x000000000000a000                . = ALIGN (0x1000)
                0x000000000000a000                __data_end = .
                0x000000000000a000                __bss_start = .

.bss            0x000000000000a000        0x0
                0x000000000000a000                bss = .
 *(.bss)
                0x000000000000a000                . = ALIGN (0x1000)
                0x000000000000a000                __bss_end = .
                0x000000000000a000                __end = .
OUTPUT(piKernel.elf elf32-littlearm)

.ARM.attributes
                0x0000000000000000       0x34
 .ARM.attributes
                0x0000000000000000       0x26 boot.o
 .ARM.attributes
                0x0000000000000026       0x38 kernel.o

.comment        0x0000000000000000       0x1f
 .comment       0x0000000000000000       0x1f kernel.o
                                         0x20 (size before relaxing)
